// Jest Snapshot v1, https://goo.gl/fbAQLP

exports[`DashboardPage component should render correctly 1`] = `
<div
  className="container"
>
  <h1>
    Dashboard
  </h1>
  <Connect(ExpenseListFilters) />
  <Connect(ExpenseList) />
</div>
`;
