// Jest Snapshot v1, https://goo.gl/fbAQLP

exports[`ExpenseListItem component should render correctly 1`] = `
<Link
  className="list-item"
  replace={false}
  to="/edit/2"
>
  <div>
    <h3
      className="list-item__title"
    >
      rates
    </h3>
    <span
      className="list-item__subtitle"
    >
      Jan 21, 1970
    </span>
  </div>
  <h3
    className="list-item__data"
  >
    Â£150.00
  </h3>
</Link>
`;
