// Jest Snapshot v1, https://goo.gl/fbAQLP

exports[`LoadingPage component should render correctly 1`] = `
<div
  className="loader"
>
  <img
    alt="Loader"
    className="loader__image"
    src="images/loader.gif"
  />
</div>
`;
